
20:55:40.742 instance_id=19D30CA036A [info] Plugins found 0 results in 0.004 ms

20:57:17.430 instance_id=19D30CA036A [info] Plugins found 0 results in 0.006 ms

20:57:28.609 instance_id=19D30CA036A [info] Plugins found 0 results in 0.005 ms

21:01:02.202 instance_id=19D30CA036A [info] Plugins found 0 results in 0.005 ms

21:01:15.384 instance_id=19D30CA036A [info] Plugins found 0 results in 0.005 ms

21:03:45.180 instance_id=19D30CA036A [info] Plugins found 0 results in 0.004 ms

21:18:56.962 instance_id=19D30CA036A [info] Plugins found 0 results in 0.003 ms

21:19:04.873 instance_id=19D30CA036A [info] Plugins found 0 results in 0.005 ms

21:19:12.580 instance_id=19D30CA036A [info] Plugins found 0 results in 0.006 ms

21:19:28.959 instance_id=19D30CA036A [info] Plugins found 0 results in 0.004 ms

21:19:46.322 instance_id=19D30CA036A [info] Plugins found 0 results in 0.004 ms

21:20:04.837 instance_id=19D30CA036A [info] Plugins found 0 results in 0.006 ms

21:23:55.173 instance_id=19D30CA036A [info] Plugins found 0 results in 0.004 ms

21:24:12.989 instance_id=19D30CA036A [info] Plugins found 0 results in 0.005 ms

21:24:40.635 instance_id=19D30CA036A [info] Plugins found 0 results in 0.006 ms

21:25:07.070 instance_id=19D30CA036A [info] Plugins found 0 results in 0.005 ms

21:25:45.651 instance_id=19D30CA036A [info] Plugins found 0 results in 0.006 ms

21:28:24.917 instance_id=19D30CA036A [info] Plugins found 0 results in 0.004 ms

21:28:55.571 instance_id=19D30CA036A [info] Plugins found 0 results in 0.005 ms

21:29:31.386 instance_id=19D30CA036A [info] Plugins found 0 results in 0.004 ms

21:29:46.529 instance_id=19D30CA036A [info] Resolved entity: {:call, Kernel, :defmodule, 2}

21:29:46.604 instance_id=19D30CA036A [info] Resolved entity: {:call, Kernel, :defmodule, 2}

21:29:46.835 instance_id=19D30CA036A [info] Resolved entity: {:call, Kernel, :defmodule, 2}

21:29:49.683 instance_id=19D30CA036A [info] Plugins found 0 results in 0.005 ms

21:29:49.952 instance_id=19D30CA036A [info] Resolved entity: {:call, Kernel, :defmodule, 2}

21:29:50.288 instance_id=19D30CA036A [info] Resolved entity: {:call, Sprachjournal.Repo, :update, 1}

21:29:50.443 instance_id=19D30CA036A [info] Resolved entity: {:call, Sprachjournal.Repo, :update, 1}

21:29:52.032 instance_id=19D30CA036A [info] Resolved entity: {:variable, :entry}

21:30:08.814 instance_id=19D30CA036A [info] Plugins found 0 results in 0.005 ms

21:30:09.079 instance_id=19D30CA036A [info] Resolved entity: {:call, Kernel, :defmodule, 2}

21:30:18.996 instance_id=19D30CA036A [info] Plugins found 0 results in 0.004 ms

21:30:19.257 instance_id=19D30CA036A [info] Resolved entity: {:call, Kernel, :defmodule, 2}

21:30:25.172 instance_id=19D30CA036A [info] Plugins found 0 results in 0.007 ms

21:30:25.434 instance_id=19D30CA036A [info] Resolved entity: {:call, Kernel, :defmodule, 2}

21:31:30.487 instance_id=19D30CA036A [info] Plugins found 0 results in 0.005 ms

21:31:30.749 instance_id=19D30CA036A [info] Resolved entity: {:call, Kernel, :defmodule, 2}

21:31:41.623 instance_id=19D30CA036A [info] Plugins found 0 results in 0.005 ms

21:31:41.884 instance_id=19D30CA036A [info] Resolved entity: {:call, Kernel, :defmodule, 2}

21:31:45.136 instance_id=19D30CA036A [info] Resolved entity: {:call, Kernel, :defmodule, 2}

21:31:45.219 instance_id=19D30CA036A [info] Resolved entity: {:call, Kernel, :defmodule, 2}

21:31:45.424 instance_id=19D30CA036A [info] Resolved entity: {:call, Kernel, :defmodule, 2}

21:32:14.811 instance_id=19D30CA036A [info] Plugins found 0 results in 0.003 ms

21:32:15.070 instance_id=19D30CA036A [info] Resolved entity: {:call, Kernel, :defmodule, 2}

21:33:08.111 instance_id=19D30CA036A [info] Plugins found 0 results in 0.003 ms

21:33:08.368 instance_id=19D30CA036A [info] Resolved entity: {:call, Kernel, :defmodule, 2}

21:35:49.423 instance_id=19D30CA036A [info] Plugins found 0 results in 0.006 ms

21:35:49.679 instance_id=19D30CA036A [info] Resolved entity: {:call, Kernel, :defmodule, 2}

21:36:03.491 instance_id=19D30CA036A [info] Plugins found 0 results in 0.006 ms

21:36:03.748 instance_id=19D30CA036A [info] Resolved entity: {:call, Kernel, :defmodule, 2}

21:40:48.774 instance_id=19D30CA036A [info] Plugins found 0 results in 0.006 ms

21:40:49.032 instance_id=19D30CA036A [info] Resolved entity: {:call, Kernel, :defmodule, 2}

21:41:18.366 instance_id=19D30CA036A [info] Plugins found 0 results in 0.005 ms

21:41:18.624 instance_id=19D30CA036A [info] Resolved entity: {:call, Kernel, :defmodule, 2}

22:00:08.222 instance_id=19D30CA036A [info] Resolved entity: {:call, Kernel, :defmodule, 2}

22:00:08.318 instance_id=19D30CA036A [info] Resolved entity: {:call, Kernel, :defmodule, 2}

22:00:08.516 instance_id=19D30CA036A [info] Resolved entity: {:call, Kernel, :defmodule, 2}

22:00:28.924 instance_id=19D30CA036A [info] Plugins found 0 results in 0.003 ms

22:00:29.191 instance_id=19D30CA036A [info] Resolved entity: {:call, Kernel, :defmodule, 2}

22:00:42.905 instance_id=19D30CA036A [info] Plugins found 0 results in 0.005 ms

22:00:43.163 instance_id=19D30CA036A [info] Resolved entity: {:call, Kernel, :defmodule, 2}

22:00:47.672 instance_id=19D30CA036A [info] Plugins found 0 results in 0.005 ms

22:00:47.932 instance_id=19D30CA036A [info] Resolved entity: {:call, Kernel, :defmodule, 2}

22:01:32.651 instance_id=19D30CA036A [info] Plugins found 0 results in 0.009 ms

22:01:32.913 instance_id=19D30CA036A [info] Resolved entity: {:call, Kernel, :defmodule, 2}

22:02:07.560 instance_id=19D30CA036A [info] Plugins found 0 results in 0.003 ms

22:02:07.821 instance_id=19D30CA036A [info] Resolved entity: {:call, Kernel, :defmodule, 2}

22:02:39.502 instance_id=19D30CA036A [info] Plugins found 0 results in 0.007 ms

22:02:39.766 instance_id=19D30CA036A [info] Resolved entity: {:call, Kernel, :defmodule, 2}

22:02:44.768 instance_id=19D30CA036A [info] Plugins found 0 results in 0.006 ms

22:02:45.028 instance_id=19D30CA036A [info] Resolved entity: {:call, Kernel, :defmodule, 2}

22:02:53.385 instance_id=19D30CA036A [info] Plugins found 0 results in 0.009 ms

22:02:53.644 instance_id=19D30CA036A [info] Resolved entity: {:call, Kernel, :defmodule, 2}

22:03:33.528 instance_id=19D30CA036A [info] Plugins found 0 results in 0.005 ms

22:03:33.788 instance_id=19D30CA036A [info] Resolved entity: {:call, Kernel, :defmodule, 2}

22:03:47.170 instance_id=19D30CA036A [info] Plugins found 0 results in 0.007 ms

22:03:47.430 instance_id=19D30CA036A [info] Resolved entity: {:call, Kernel, :defmodule, 2}

22:04:09.723 instance_id=19D30CA036A [info] Plugins found 0 results in 0.006 ms

22:04:09.985 instance_id=19D30CA036A [info] Resolved entity: {:call, Kernel, :defmodule, 2}

22:11:58.629 instance_id=19D30CA036A [info] Plugins found 0 results in 0.003 ms

22:11:58.888 instance_id=19D30CA036A [info] Resolved entity: {:call, Kernel, :defmodule, 2}

22:12:18.265 instance_id=19D30CA036A [info] Plugins found 0 results in 0.006 ms

22:12:18.526 instance_id=19D30CA036A [info] Resolved entity: {:call, Kernel, :defmodule, 2}

22:12:26.794 instance_id=19D30CA036A [info] Plugins found 0 results in 0.005 ms

22:12:27.052 instance_id=19D30CA036A [info] Resolved entity: {:call, Kernel, :defmodule, 2}

22:12:41.047 instance_id=19D30CA036A [info] Plugins found 0 results in 0.006 ms

22:12:41.307 instance_id=19D30CA036A [info] Resolved entity: {:call, Kernel, :defmodule, 2}

22:12:49.864 instance_id=19D30CA036A [info] Plugins found 0 results in 0.008 ms

22:12:50.127 instance_id=19D30CA036A [info] Resolved entity: {:call, Kernel, :defmodule, 2}

22:13:23.702 instance_id=19D30CA036A [info] Plugins found 0 results in 0.007 ms

22:13:23.962 instance_id=19D30CA036A [info] Resolved entity: {:call, Kernel, :defmodule, 2}

22:14:17.618 instance_id=19D30CA036A [info] Plugins found 0 results in 0.006 ms

22:14:17.878 instance_id=19D30CA036A [info] Resolved entity: {:call, Kernel, :defmodule, 2}

22:22:07.144 instance_id=19D30CA036A [info] Plugins found 0 results in 0.005 ms

22:22:07.403 instance_id=19D30CA036A [info] Resolved entity: {:call, Kernel, :defmodule, 2}

22:22:14.802 instance_id=19D30CA036A [info] Plugins found 0 results in 0.006 ms

22:22:15.063 instance_id=19D30CA036A [info] Resolved entity: {:call, Kernel, :defmodule, 2}

22:22:39.700 instance_id=19D30CA036A [info] Plugins found 0 results in 0.004 ms

22:22:39.959 instance_id=19D30CA036A [info] Resolved entity: {:call, Kernel, :defmodule, 2}

22:22:46.284 instance_id=19D30CA036A [info] Plugins found 0 results in 0.003 ms

22:22:46.542 instance_id=19D30CA036A [info] Resolved entity: {:call, Kernel, :defmodule, 2}

22:28:41.980 instance_id=19D30CA036A [info] Plugins found 0 results in 0.004 ms

22:28:42.244 instance_id=19D30CA036A [info] Resolved entity: {:call, Kernel, :defmodule, 2}

22:28:59.220 instance_id=19D30CA036A [info] Plugins found 0 results in 0.004 ms

22:28:59.479 instance_id=19D30CA036A [info] Resolved entity: {:call, Kernel, :defmodule, 2}

22:32:50.632 instance_id=19D30CA036A [info] Plugins found 0 results in 0.004 ms

22:32:50.892 instance_id=19D30CA036A [info] Resolved entity: {:call, Kernel, :defmodule, 2}

22:32:56.242 instance_id=19D30CA036A [info] Plugins found 0 results in 0.004 ms

22:32:56.502 instance_id=19D30CA036A [info] Resolved entity: {:call, Kernel, :defmodule, 2}

22:33:26.177 instance_id=19D30CA036A [info] Plugins found 0 results in 0.006 ms

22:33:26.436 instance_id=19D30CA036A [info] Resolved entity: {:call, Kernel, :defmodule, 2}

22:33:34.097 instance_id=19D30CA036A [info] Plugins found 0 results in 0.004 ms

22:33:34.356 instance_id=19D30CA036A [info] Resolved entity: {:call, Kernel, :defmodule, 2}

22:37:21.266 instance_id=19D30CA036A [info] Plugins found 0 results in 0.003 ms

22:37:21.528 instance_id=19D30CA036A [info] Resolved entity: {:call, Kernel, :defmodule, 2}

22:37:45.104 instance_id=19D30CA036A [info] Plugins found 0 results in 0.004 ms

22:37:45.364 instance_id=19D30CA036A [info] Resolved entity: {:call, Kernel, :defmodule, 2}

22:37:51.489 instance_id=19D30CA036A [info] Plugins found 0 results in 0.004 ms

22:37:51.747 instance_id=19D30CA036A [info] Resolved entity: {:call, Kernel, :defmodule, 2}

22:45:49.291 instance_id=19D30CA036A [info] Plugins found 0 results in 0.006 ms

22:45:49.550 instance_id=19D30CA036A [info] Resolved entity: {:call, Kernel, :defmodule, 2}

22:46:32.903 instance_id=19D30CA036A [info] Plugins found 0 results in 0.005 ms

22:46:33.167 instance_id=19D30CA036A [info] Resolved entity: {:call, Kernel, :defmodule, 2}

22:46:52.028 instance_id=19D30CA036A [info] Plugins found 0 results in 0.007 ms

22:46:52.291 instance_id=19D30CA036A [info] Resolved entity: {:call, Kernel, :defmodule, 2}

22:53:45.244 instance_id=19D30CA036A [info] Plugins found 0 results in 0.005 ms

22:53:45.509 instance_id=19D30CA036A [info] Resolved entity: {:call, Kernel, :defmodule, 2}

22:56:15.170 instance_id=19D30CA036A [info] Plugins found 0 results in 0.006 ms

22:56:15.431 instance_id=19D30CA036A [info] Resolved entity: {:call, Kernel, :defmodule, 2}

22:56:32.660 instance_id=19D30CA036A [info] Plugins found 0 results in 0.005 ms

22:56:32.921 instance_id=19D30CA036A [info] Resolved entity: {:call, Kernel, :defmodule, 2}

22:58:10.160 instance_id=19D30CA036A [info] Plugins found 0 results in 0.005 ms

23:02:00.559 instance_id=19D30CA036A [info] Plugins found 0 results in 0.006 ms

23:11:01.425 instance_id=19D30CA036A [info] Plugins found 0 results in 0.006 ms

23:11:20.689 instance_id=19D30CA036A [info] Plugins found 0 results in 0.006 ms

23:13:30.967 instance_id=19D30CA036A [info] Plugins found 0 results in 0.009 ms

23:14:03.194 instance_id=19D30CA036A [info] Plugins found 0 results in 0.008 ms

23:23:38.029 instance_id=19D30CA036A [info] Plugins found 0 results in 0.004 ms

23:24:31.390 instance_id=19D30CA036A [info] Plugins found 0 results in 0.003 ms

23:24:53.895 instance_id=19D30CA036A [info] Resolved entity: {:call, Kernel, :defmodule, 2}

23:25:18.726 instance_id=19D30CA036A [info] Plugins found 0 results in 0.005 ms

23:25:28.132 instance_id=19D30CA036A [info] Resolved entity: {:call, Kernel, :defmodule, 2}

23:25:28.517 instance_id=19D30CA036A [info] Resolved entity: {:call, Kernel, :defmodule, 2}

23:27:10.341 instance_id=19D30CA036A [info] Plugins found 0 results in 0.003 ms

23:27:34.898 instance_id=19D30CA036A [info] Plugins found 0 results in 0.007 ms

23:27:49.084 instance_id=19D30CA036A [info] Plugins found 0 results in 0.007 ms

23:27:55.578 instance_id=19D30CA036A [info] Plugins found 0 results in 0.005 ms

09:05:54.488 instance_id=19D30CA036A [info] Resolved entity: {:variable, :original}

09:06:34.868 instance_id=19D30CA036A [info] Resolved entity: {:call, Kernel, :defmodule, 2}

09:07:11.716 instance_id=19D30CA036A [info] Resolved entity: {:variable, :original}

09:22:53.799 instance_id=19D30CA036A [info] Plugins found 0 results in 0.005 ms

09:23:15.639 instance_id=19D30CA036A [info] Plugins found 0 results in 0.007 ms

09:23:48.818 instance_id=19D30CA036A [info] Plugins found 0 results in 0.005 ms

09:24:18.453 instance_id=19D30CA036A [info] Plugins found 0 results in 0.006 ms

09:24:24.883 instance_id=19D30CA036A [info] Plugins found 0 results in 0.005 ms

09:24:31.321 instance_id=19D30CA036A [info] Plugins found 0 results in 0.005 ms

09:24:38.565 instance_id=19D30CA036A [info] Plugins found 0 results in 0.006 ms

09:24:52.484 instance_id=19D30CA036A [info] Plugins found 0 results in 0.007 ms

09:24:59.709 instance_id=19D30CA036A [info] Plugins found 0 results in 0.006 ms

09:25:11.825 instance_id=19D30CA036A [info] Plugins found 0 results in 0.006 ms

09:25:17.881 instance_id=19D30CA036A [info] Plugins found 0 results in 0.007 ms

09:25:25.866 instance_id=19D30CA036A [info] Plugins found 0 results in 0.005 ms

09:25:33.888 instance_id=19D30CA036A [info] Plugins found 0 results in 0.007 ms

09:25:40.154 instance_id=19D30CA036A [info] Plugins found 0 results in 0.006 ms

09:25:46.982 instance_id=19D30CA036A [info] Plugins found 0 results in 0.005 ms

09:25:54.045 instance_id=19D30CA036A [info] Plugins found 0 results in 0.006 ms

09:26:00.469 instance_id=19D30CA036A [info] Plugins found 0 results in 0.006 ms

09:26:11.818 instance_id=19D30CA036A [info] Resolved entity: {:call, Kernel, :defmodule, 2}

09:26:11.919 instance_id=19D30CA036A [info] Resolved entity: {:call, Kernel, :defmodule, 2}

09:26:12.110 instance_id=19D30CA036A [info] Resolved entity: {:call, Kernel, :defmodule, 2}

09:26:13.339 instance_id=19D30CA036A [info] Plugins found 0 results in 0.005 ms

09:26:20.287 instance_id=19D30CA036A [info] Plugins found 0 results in 0.008 ms

09:33:29.298 instance_id=19D30CA036A [info] Plugins found 0 results in 0.005 ms

09:33:50.218 instance_id=19D30CA036A [info] Resolved entity: {:variable, :import}

09:34:11.979 instance_id=19D30CA036A [info] Resolved entity: {:module, PHX_HOST}

09:34:12.721 instance_id=19D30CA036A [info] Resolved entity: {:module, PHX_HOST}

09:34:13.345 instance_id=19D30CA036A [info] Resolved entity: {:variable, :https}

09:36:50.054 instance_id=19D30CA036A [info] Resolved entity: {:variable, :import}

09:36:50.181 instance_id=19D30CA036A [info] Resolved entity: {:module, PHX_HOST}

09:36:50.394 instance_id=19D30CA036A [info] Resolved entity: {:module, PHX_HOST}

09:37:02.986 instance_id=19D30CA036A [info] Resolved entity: {:module, PHX_HOST}
